"This is a fest string for the snapshot test with a plain string value"